scripts/run_one_test.sh: line 3: ./pptoken: No such file or directory
